// Jest Snapshot v1, https://goo.gl/fbAQLP

exports[`<Button /> should render correctly 1`] = `
<StyledComponent
  forwardedComponent={
    Object {
      "$$typeof": Symbol(react.forward_ref),
      "attrs": Array [],
      "componentStyle": ComponentStyle {
        "componentId": "sc-bdVaJa",
        "isStatic": false,
        "rules": Array [
          "
  ",
          "
  background: transparent;
  border-radius: 3px;
  border: 2px solid palevioletred;
  color: palevioletred;
  margin: 0.5em 1em;
  padding: 0.25em 1em;

  ",
          [Function],
          "
",
          ";
",
        ],
      },
      "displayName": "Styled(Button)",
      "foldedComponentIds": Array [],
      "render": [Function],
      "styledComponentId": "sc-bdVaJa",
      "target": [Function],
      "toString": [Function],
      "warnTooManyClasses": [Function],
      "withComponent": [Function],
    }
  }
  forwardedRef={null}
>
  Test
</StyledComponent>
`;
